Performing C SOURCE FILE Test CMAKE_HAVE_LIBC_PTHREAD failed with the following output:
Change Dir: /home/nos3/Desktop/github-nos3/components/cryptolib/build/CMakeFiles/CMakeTmp

Run Build Command(s):/usr/bin/make cmTC_d33cd/fast && make[1]: Entering directory '/home/nos3/Desktop/github-nos3/components/cryptolib/build/CMakeFiles/CMakeTmp'
/usr/bin/make -f CMakeFiles/cmTC_d33cd.dir/build.make CMakeFiles/cmTC_d33cd.dir/build
make[2]: Entering directory '/home/nos3/Desktop/github-nos3/components/cryptolib/build/CMakeFiles/CMakeTmp'
Building C object CMakeFiles/cmTC_d33cd.dir/src.c.o
/usr/bin/cc   -m32 -Wall -Wextra -Werror -g -O0 -DCMAKE_HAVE_LIBC_PTHREAD   -o CMakeFiles/cmTC_d33cd.dir/src.c.o   -c /home/nos3/Desktop/github-nos3/components/cryptolib/build/CMakeFiles/CMakeTmp/src.c
Linking C executable cmTC_d33cd
/usr/bin/cmake -E cmake_link_script CMakeFiles/cmTC_d33cd.dir/link.txt --verbose=1
/usr/bin/cc -m32 -Wall -Wextra -Werror -g -O0 -DCMAKE_HAVE_LIBC_PTHREAD    CMakeFiles/cmTC_d33cd.dir/src.c.o  -o cmTC_d33cd 
/usr/bin/ld: CMakeFiles/cmTC_d33cd.dir/src.c.o: in function `main':
/home/nos3/Desktop/github-nos3/components/cryptolib/build/CMakeFiles/CMakeTmp/src.c:11: undefined reference to `pthread_create'
/usr/bin/ld: /home/nos3/Desktop/github-nos3/components/cryptolib/build/CMakeFiles/CMakeTmp/src.c:12: undefined reference to `pthread_detach'
/usr/bin/ld: /home/nos3/Desktop/github-nos3/components/cryptolib/build/CMakeFiles/CMakeTmp/src.c:13: undefined reference to `pthread_join'
collect2: error: ld returned 1 exit status
make[2]: *** [CMakeFiles/cmTC_d33cd.dir/build.make:87: cmTC_d33cd] Error 1
make[2]: Leaving directory '/home/nos3/Desktop/github-nos3/components/cryptolib/build/CMakeFiles/CMakeTmp'
make[1]: *** [Makefile:121: cmTC_d33cd/fast] Error 2
make[1]: Leaving directory '/home/nos3/Desktop/github-nos3/components/cryptolib/build/CMakeFiles/CMakeTmp'


Source file was:
#include <pthread.h>

void* test_func(void* data)
{
  return data;
}

int main(void)
{
  pthread_t thread;
  pthread_create(&thread, NULL, test_func, NULL);
  pthread_detach(thread);
  pthread_join(thread, NULL);
  pthread_atfork(NULL, NULL, NULL);
  pthread_exit(NULL);

  return 0;
}

Determining if the function pthread_create exists in the pthreads failed with the following output:
Change Dir: /home/nos3/Desktop/github-nos3/components/cryptolib/build/CMakeFiles/CMakeTmp

Run Build Command(s):/usr/bin/make cmTC_c0e01/fast && make[1]: Entering directory '/home/nos3/Desktop/github-nos3/components/cryptolib/build/CMakeFiles/CMakeTmp'
/usr/bin/make -f CMakeFiles/cmTC_c0e01.dir/build.make CMakeFiles/cmTC_c0e01.dir/build
make[2]: Entering directory '/home/nos3/Desktop/github-nos3/components/cryptolib/build/CMakeFiles/CMakeTmp'
Building C object CMakeFiles/cmTC_c0e01.dir/CheckFunctionExists.c.o
/usr/bin/cc   -m32 -Wall -Wextra -Werror -g -O0 -DCHECK_FUNCTION_EXISTS=pthread_create   -o CMakeFiles/cmTC_c0e01.dir/CheckFunctionExists.c.o   -c /usr/share/cmake-3.16/Modules/CheckFunctionExists.c
Linking C executable cmTC_c0e01
/usr/bin/cmake -E cmake_link_script CMakeFiles/cmTC_c0e01.dir/link.txt --verbose=1
/usr/bin/cc -m32 -Wall -Wextra -Werror -g -O0 -DCHECK_FUNCTION_EXISTS=pthread_create    CMakeFiles/cmTC_c0e01.dir/CheckFunctionExists.c.o  -o cmTC_c0e01  -lpthreads 
/usr/bin/ld: cannot find -lpthreads
collect2: error: ld returned 1 exit status
make[2]: *** [CMakeFiles/cmTC_c0e01.dir/build.make:87: cmTC_c0e01] Error 1
make[2]: Leaving directory '/home/nos3/Desktop/github-nos3/components/cryptolib/build/CMakeFiles/CMakeTmp'
make[1]: *** [Makefile:121: cmTC_c0e01/fast] Error 2
make[1]: Leaving directory '/home/nos3/Desktop/github-nos3/components/cryptolib/build/CMakeFiles/CMakeTmp'



